F:\curr_ISE_proj\mikrorendszerek\MB_System_full\MB_System\implementation\system.ngc 1509224960
F:/curr_ISE_proj/mikrorendszerek/MB_System_full/MB_System/implementation/system_logsys_axi_sp6_simpleio_0_wrapper.ngc 1509224896
F:/curr_ISE_proj/mikrorendszerek/MB_System_full/MB_System/implementation/system_rs232_wrapper.ngc 1509224846
F:/curr_ISE_proj/mikrorendszerek/MB_System_full/MB_System/implementation/system_proc_sys_reset_0_wrapper.ngc 1509224846
F:/curr_ISE_proj/mikrorendszerek/MB_System_full/MB_System/implementation/system_clock_generator_0_wrapper.ngc 1509224930
F:/curr_ISE_proj/mikrorendszerek/MB_System_full/MB_System/implementation/system_lvl_indicator_0_wrapper.ngc 1509224878
F:/curr_ISE_proj/mikrorendszerek/MB_System_full/MB_System/implementation/system_microblaze_0_ilmb_wrapper.ngc 1509224846
F:/curr_ISE_proj/mikrorendszerek/MB_System_full/MB_System/implementation/system_microblaze_0_dlmb_wrapper.ngc 1509224846
F:/curr_ISE_proj/mikrorendszerek/MB_System_full/MB_System/implementation/system_axi4lite_0_wrapper.ngc 1509224846
F:/curr_ISE_proj/mikrorendszerek/MB_System_full/MB_System/implementation/system_microblaze_0_wrapper.ngc 1509224846
F:/curr_ISE_proj/mikrorendszerek/MB_System_full/MB_System/implementation/system_microblaze_0_intc_wrapper.ngc 1509224846
F:/curr_ISE_proj/mikrorendszerek/MB_System_full/MB_System/implementation/system_microblaze_0_i_bram_ctrl_wrapper.ngc 1509224846
F:/curr_ISE_proj/mikrorendszerek/MB_System_full/MB_System/implementation/system_microblaze_0_d_bram_ctrl_wrapper.ngc 1509224846
F:/curr_ISE_proj/mikrorendszerek/MB_System_full/MB_System/implementation/system_debug_module_wrapper.ngc 1509224846
F:/curr_ISE_proj/mikrorendszerek/MB_System_full/MB_System/implementation/system_lcd_screen_0_wrapper.ngc 1509224908
F:/curr_ISE_proj/mikrorendszerek/MB_System_full/MB_System/implementation/system_axi_timer_0_wrapper.ngc 1509224846
F:/curr_ISE_proj/mikrorendszerek/MB_System_full/MB_System/implementation/system_microblaze_0_bram_block_wrapper.ngc 1509224846
OK
