10:16:00 **** Incremental Build of configuration Debug for project LCD ****
make all 
make: Nothing to be done for `all'.
10:16:03 **** Auto Build of configuration Debug for project LCD ****
make all 
'Building file: ../src/helloworld.c'
'Invoking: MicroBlaze gcc compiler'
mb-gcc -Wall -O0 -g3 -c -fmessage-length=0 -I../../LCD_bsp/microblaze_0/include -mlittle-endian -mxl-barrel-shift -mxl-pattern-compare -mno-xl-soft-div -mcpu=v8.50.c -mno-xl-soft-mul -Wl,--no-relax -ffunction-sections -fdata-sections -MMD -MP -MF"src/helloworld.d" -MT"src/helloworld.d" -o "src/helloworld.o" "../src/helloworld.c"
../src/helloworld.c: In function 'main':
../src/helloworld.c:49:6: warning: unused variable 'j' [-Wunused-variable]
'Finished building: ../src/helloworld.c'
' '
'Building target: LCD.elf'
'Invoking: MicroBlaze gcc linker'
mb-gcc -Wl,-T -Wl,../src/lscript.ld -L../../LCD_bsp/microblaze_0/lib -mlittle-endian -mxl-barrel-shift -mxl-pattern-compare -mno-xl-soft-div -mcpu=v8.50.c -mno-xl-soft-mul -Wl,--no-relax -Wl,--gc-sections -o "LCD.elf"  ./src/LCD.o ./src/helloworld.o ./src/platform.o   -Wl,--start-group,-lxil,-lgcc,-lc,--end-group
'Finished building target: LCD.elf'
' '
'Invoking: MicroBlaze Print Size'
mb-size LCD.elf  |tee "LCD.elf.size"
   text	   data	    bss	    dec	    hex	filename
   4098	    352	   2094	   6544	   1990	LCD.elf
'Finished building: LCD.elf.size'
' '
'Invoking: Xilinx ELF Check'
elfcheck LCD.elf -hw ../../MB_System_hw_platform/system.xml -pe microblaze_0  |tee "LCD.elf.elfcheck"
elfcheck
Xilinx EDK 14.7 Build EDK_P.20131013
Copyright (c) 1995-2012 Xilinx, Inc.  All rights reserved.

Command Line: elfcheck -hw ../../MB_System_hw_platform/system.xml -pe
microblaze_0 LCD.elf 

ELF file	: LCD.elf
elfcheck passed.
'Finished building: LCD.elf.elfcheck'
' '
10:16:06 **** Incremental Build of configuration Debug for project LCD ****
make all 
make: Nothing to be done for `all'.
10:16:23 **** Incremental Build of configuration Debug for project LCD ****
make all 
make: Nothing to be done for `all'.
10:27:04 **** Incremental Build of configuration Debug for project LCD ****
make all 
make: Nothing to be done for `all'.
10:30:34 **** Incremental Build of configuration Debug for project LCD ****
make all 
make: Nothing to be done for `all'.
10:32:33 **** Auto Build of configuration Debug for project LCD ****
make all 
'Building file: ../src/LCD.c'
'Invoking: MicroBlaze gcc compiler'
mb-gcc -Wall -O0 -g3 -c -fmessage-length=0 -I../../LCD_bsp/microblaze_0/include -mlittle-endian -mxl-barrel-shift -mxl-pattern-compare -mno-xl-soft-div -mcpu=v8.50.c -mno-xl-soft-mul -Wl,--no-relax -ffunction-sections -fdata-sections -MMD -MP -MF"src/LCD.d" -MT"src/LCD.d" -o "src/LCD.o" "../src/LCD.c"
'Finished building: ../src/LCD.c'
' '
'Building target: LCD.elf'
'Invoking: MicroBlaze gcc linker'
mb-gcc -Wl,-T -Wl,../src/lscript.ld -L../../LCD_bsp/microblaze_0/lib -mlittle-endian -mxl-barrel-shift -mxl-pattern-compare -mno-xl-soft-div -mcpu=v8.50.c -mno-xl-soft-mul -Wl,--no-relax -Wl,--gc-sections -o "LCD.elf"  ./src/LCD.o ./src/helloworld.o ./src/platform.o   -Wl,--start-group,-lxil,-lgcc,-lc,--end-group
'Finished building target: LCD.elf'
' '
'Invoking: MicroBlaze Print Size'
mb-size LCD.elf  |tee "LCD.elf.size"
   text	   data	    bss	    dec	    hex	filename
   4086	    352	   2088	   6526	   197e	LCD.elf
'Finished building: LCD.elf.size'
' '
'Invoking: Xilinx ELF Check'
elfcheck LCD.elf -hw ../../MB_System_hw_platform/system.xml -pe microblaze_0  |tee "LCD.elf.elfcheck"
elfcheck
Xilinx EDK 14.7 Build EDK_P.20131013
Copyright (c) 1995-2012 Xilinx, Inc.  All rights reserved.

Command Line: elfcheck -hw ../../MB_System_hw_platform/system.xml -pe
microblaze_0 LCD.elf 

ELF file	: LCD.elf
elfcheck passed.
'Finished building: LCD.elf.elfcheck'
' '
10:32:37 **** Incremental Build of configuration Debug for project LCD ****
make all 
make: Nothing to be done for `all'.
10:33:02 **** Auto Build of configuration Debug for project LCD ****
make all 
'Building file: ../src/LCD.c'
'Invoking: MicroBlaze gcc compiler'
mb-gcc -Wall -O0 -g3 -c -fmessage-length=0 -I../../LCD_bsp/microblaze_0/include -mlittle-endian -mxl-barrel-shift -mxl-pattern-compare -mno-xl-soft-div -mcpu=v8.50.c -mno-xl-soft-mul -Wl,--no-relax -ffunction-sections -fdata-sections -MMD -MP -MF"src/LCD.d" -MT"src/LCD.d" -o "src/LCD.o" "../src/LCD.c"
'Finished building: ../src/LCD.c'
' '
'Building target: LCD.elf'
'Invoking: MicroBlaze gcc linker'
mb-gcc -Wl,-T -Wl,../src/lscript.ld -L../../LCD_bsp/microblaze_0/lib -mlittle-endian -mxl-barrel-shift -mxl-pattern-compare -mno-xl-soft-div -mcpu=v8.50.c -mno-xl-soft-mul -Wl,--no-relax -Wl,--gc-sections -o "LCD.elf"  ./src/LCD.o ./src/helloworld.o ./src/platform.o   -Wl,--start-group,-lxil,-lgcc,-lc,--end-group
'Finished building target: LCD.elf'
' '
'Invoking: MicroBlaze Print Size'
mb-size LCD.elf  |tee "LCD.elf.size"
   text	   data	    bss	    dec	    hex	filename
   4098	    352	   2094	   6544	   1990	LCD.elf
'Finished building: LCD.elf.size'
' '
'Invoking: Xilinx ELF Check'
elfcheck LCD.elf -hw ../../MB_System_hw_platform/system.xml -pe microblaze_0  |tee "LCD.elf.elfcheck"
elfcheck
Xilinx EDK 14.7 Build EDK_P.20131013
Copyright (c) 1995-2012 Xilinx, Inc.  All rights reserved.

Command Line: elfcheck -hw ../../MB_System_hw_platform/system.xml -pe
microblaze_0 LCD.elf 

ELF file	: LCD.elf
elfcheck passed.
'Finished building: LCD.elf.elfcheck'
' '
10:33:07 **** Incremental Build of configuration Debug for project LCD ****
make all 
make: Nothing to be done for `all'.
10:34:59 **** Auto Build of configuration Debug for project LCD ****
make all 
'Building file: ../src/LCD.c'
'Invoking: MicroBlaze gcc compiler'
mb-gcc -Wall -O0 -g3 -c -fmessage-length=0 -I../../LCD_bsp/microblaze_0/include -mlittle-endian -mxl-barrel-shift -mxl-pattern-compare -mno-xl-soft-div -mcpu=v8.50.c -mno-xl-soft-mul -Wl,--no-relax -ffunction-sections -fdata-sections -MMD -MP -MF"src/LCD.d" -MT"src/LCD.d" -o "src/LCD.o" "../src/LCD.c"
'Finished building: ../src/LCD.c'
' '
'Building target: LCD.elf'
'Invoking: MicroBlaze gcc linker'
mb-gcc -Wl,-T -Wl,../src/lscript.ld -L../../LCD_bsp/microblaze_0/lib -mlittle-endian -mxl-barrel-shift -mxl-pattern-compare -mno-xl-soft-div -mcpu=v8.50.c -mno-xl-soft-mul -Wl,--no-relax -Wl,--gc-sections -o "LCD.elf"  ./src/LCD.o ./src/helloworld.o ./src/platform.o   -Wl,--start-group,-lxil,-lgcc,-lc,--end-group
'Finished building target: LCD.elf'
' '
'Invoking: MicroBlaze Print Size'
mb-size LCD.elf  |tee "LCD.elf.size"
   text	   data	    bss	    dec	    hex	filename
   4098	    352	   2094	   6544	   1990	LCD.elf
'Finished building: LCD.elf.size'
' '
'Invoking: Xilinx ELF Check'
elfcheck LCD.elf -hw ../../MB_System_hw_platform/system.xml -pe microblaze_0  |tee "LCD.elf.elfcheck"
elfcheck
Xilinx EDK 14.7 Build EDK_P.20131013
Copyright (c) 1995-2012 Xilinx, Inc.  All rights reserved.

Command Line: elfcheck -hw ../../MB_System_hw_platform/system.xml -pe
microblaze_0 LCD.elf 

ELF file	: LCD.elf
elfcheck passed.
'Finished building: LCD.elf.elfcheck'
' '
10:35:05 **** Incremental Build of configuration Debug for project LCD ****
make all 
make: Nothing to be done for `all'.
10:35:32 **** Auto Build of configuration Debug for project LCD ****
make all 
'Building file: ../src/LCD.c'
'Invoking: MicroBlaze gcc compiler'
mb-gcc -Wall -O0 -g3 -c -fmessage-length=0 -I../../LCD_bsp/microblaze_0/include -mlittle-endian -mxl-barrel-shift -mxl-pattern-compare -mno-xl-soft-div -mcpu=v8.50.c -mno-xl-soft-mul -Wl,--no-relax -ffunction-sections -fdata-sections -MMD -MP -MF"src/LCD.d" -MT"src/LCD.d" -o "src/LCD.o" "../src/LCD.c"
'Finished building: ../src/LCD.c'
' '
'Building target: LCD.elf'
'Invoking: MicroBlaze gcc linker'
mb-gcc -Wl,-T -Wl,../src/lscript.ld -L../../LCD_bsp/microblaze_0/lib -mlittle-endian -mxl-barrel-shift -mxl-pattern-compare -mno-xl-soft-div -mcpu=v8.50.c -mno-xl-soft-mul -Wl,--no-relax -Wl,--gc-sections -o "LCD.elf"  ./src/LCD.o ./src/helloworld.o ./src/platform.o   -Wl,--start-group,-lxil,-lgcc,-lc,--end-group
'Finished building target: LCD.elf'
' '
'Invoking: MicroBlaze Print Size'
mb-size LCD.elf  |tee "LCD.elf.size"
   text	   data	    bss	    dec	    hex	filename
   4098	    352	   2094	   6544	   1990	LCD.elf
'Finished building: LCD.elf.size'
' '
'Invoking: Xilinx ELF Check'
elfcheck LCD.elf -hw ../../MB_System_hw_platform/system.xml -pe microblaze_0  |tee "LCD.elf.elfcheck"
elfcheck
Xilinx EDK 14.7 Build EDK_P.20131013
Copyright (c) 1995-2012 Xilinx, Inc.  All rights reserved.

Command Line: elfcheck -hw ../../MB_System_hw_platform/system.xml -pe
microblaze_0 LCD.elf 

ELF file	: LCD.elf
elfcheck passed.
'Finished building: LCD.elf.elfcheck'
' '
10:35:35 **** Incremental Build of configuration Debug for project LCD ****
make all 
make: Nothing to be done for `all'.
10:35:54 **** Auto Build of configuration Debug for project LCD ****
make all 
'Building file: ../src/LCD.c'
'Invoking: MicroBlaze gcc compiler'
mb-gcc -Wall -O0 -g3 -c -fmessage-length=0 -I../../LCD_bsp/microblaze_0/include -mlittle-endian -mxl-barrel-shift -mxl-pattern-compare -mno-xl-soft-div -mcpu=v8.50.c -mno-xl-soft-mul -Wl,--no-relax -ffunction-sections -fdata-sections -MMD -MP -MF"src/LCD.d" -MT"src/LCD.d" -o "src/LCD.o" "../src/LCD.c"
'Finished building: ../src/LCD.c'
' '
'Building target: LCD.elf'
'Invoking: MicroBlaze gcc linker'
mb-gcc -Wl,-T -Wl,../src/lscript.ld -L../../LCD_bsp/microblaze_0/lib -mlittle-endian -mxl-barrel-shift -mxl-pattern-compare -mno-xl-soft-div -mcpu=v8.50.c -mno-xl-soft-mul -Wl,--no-relax -Wl,--gc-sections -o "LCD.elf"  ./src/LCD.o ./src/helloworld.o ./src/platform.o   -Wl,--start-group,-lxil,-lgcc,-lc,--end-group
'Finished building target: LCD.elf'
' '
'Invoking: MicroBlaze Print Size'
mb-size LCD.elf  |tee "LCD.elf.size"
   text	   data	    bss	    dec	    hex	filename
   4098	    352	   2094	   6544	   1990	LCD.elf
'Finished building: LCD.elf.size'
' '
'Invoking: Xilinx ELF Check'
elfcheck LCD.elf -hw ../../MB_System_hw_platform/system.xml -pe microblaze_0  |tee "LCD.elf.elfcheck"
elfcheck
Xilinx EDK 14.7 Build EDK_P.20131013
Copyright (c) 1995-2012 Xilinx, Inc.  All rights reserved.

Command Line: elfcheck -hw ../../MB_System_hw_platform/system.xml -pe
microblaze_0 LCD.elf 

ELF file	: LCD.elf
elfcheck passed.
'Finished building: LCD.elf.elfcheck'
' '
10:35:57 **** Incremental Build of configuration Debug for project LCD ****
make all 
make: Nothing to be done for `all'.
10:36:04 **** Incremental Build of configuration Debug for project LCD ****
make all 
make: Nothing to be done for `all'.
10:36:09 **** Incremental Build of configuration Debug for project LCD ****
make all 
make: Nothing to be done for `all'.
10:37:36 **** Incremental Build of configuration Debug for project LCD ****
make all 
make: Nothing to be done for `all'.
10:38:00 **** Incremental Build of configuration Debug for project LCD ****
make all 
make: Nothing to be done for `all'.
10:38:03 **** Incremental Build of configuration Debug for project LCD ****
make all 
make: Nothing to be done for `all'.
10:38:08 **** Incremental Build of configuration Debug for project LCD ****
make all 
make: Nothing to be done for `all'.
10:39:07 **** Auto Build of configuration Debug for project LCD ****
make all 
'Building file: ../src/helloworld.c'
'Invoking: MicroBlaze gcc compiler'
mb-gcc -Wall -O0 -g3 -c -fmessage-length=0 -I../../LCD_bsp/microblaze_0/include -mlittle-endian -mxl-barrel-shift -mxl-pattern-compare -mno-xl-soft-div -mcpu=v8.50.c -mno-xl-soft-mul -Wl,--no-relax -ffunction-sections -fdata-sections -MMD -MP -MF"src/helloworld.d" -MT"src/helloworld.d" -o "src/helloworld.o" "../src/helloworld.c"
../src/helloworld.c: In function 'main':
../src/helloworld.c:49:6: warning: unused variable 'j' [-Wunused-variable]
'Finished building: ../src/helloworld.c'
' '
'Building target: LCD.elf'
'Invoking: MicroBlaze gcc linker'
mb-gcc -Wl,-T -Wl,../src/lscript.ld -L../../LCD_bsp/microblaze_0/lib -mlittle-endian -mxl-barrel-shift -mxl-pattern-compare -mno-xl-soft-div -mcpu=v8.50.c -mno-xl-soft-mul -Wl,--no-relax -Wl,--gc-sections -o "LCD.elf"  ./src/LCD.o ./src/helloworld.o ./src/platform.o   -Wl,--start-group,-lxil,-lgcc,-lc,--end-group
'Finished building target: LCD.elf'
' '
'Invoking: MicroBlaze Print Size'
mb-size LCD.elf  |tee "LCD.elf.size"
   text	   data	    bss	    dec	    hex	filename
   4098	    352	   2094	   6544	   1990	LCD.elf
'Finished building: LCD.elf.size'
' '
'Invoking: Xilinx ELF Check'
elfcheck LCD.elf -hw ../../MB_System_hw_platform/system.xml -pe microblaze_0  |tee "LCD.elf.elfcheck"
elfcheck
Xilinx EDK 14.7 Build EDK_P.20131013
Copyright (c) 1995-2012 Xilinx, Inc.  All rights reserved.

Command Line: elfcheck -hw ../../MB_System_hw_platform/system.xml -pe
microblaze_0 LCD.elf 

ELF file	: LCD.elf
elfcheck passed.
'Finished building: LCD.elf.elfcheck'
' '
10:39:12 **** Incremental Build of configuration Debug for project LCD ****
make all 
make: Nothing to be done for `all'.
10:39:54 **** Incremental Build of configuration Debug for project LCD ****
make all 
make: Nothing to be done for `all'.
10:40:02 **** Auto Build of configuration Debug for project LCD ****
make all 
'Building file: ../src/helloworld.c'
'Invoking: MicroBlaze gcc compiler'
mb-gcc -Wall -O0 -g3 -c -fmessage-length=0 -I../../LCD_bsp/microblaze_0/include -mlittle-endian -mxl-barrel-shift -mxl-pattern-compare -mno-xl-soft-div -mcpu=v8.50.c -mno-xl-soft-mul -Wl,--no-relax -ffunction-sections -fdata-sections -MMD -MP -MF"src/helloworld.d" -MT"src/helloworld.d" -o "src/helloworld.o" "../src/helloworld.c"
../src/helloworld.c: In function 'main':
../src/helloworld.c:49:6: warning: unused variable 'j' [-Wunused-variable]
'Finished building: ../src/helloworld.c'
' '
'Building target: LCD.elf'
'Invoking: MicroBlaze gcc linker'
mb-gcc -Wl,-T -Wl,../src/lscript.ld -L../../LCD_bsp/microblaze_0/lib -mlittle-endian -mxl-barrel-shift -mxl-pattern-compare -mno-xl-soft-div -mcpu=v8.50.c -mno-xl-soft-mul -Wl,--no-relax -Wl,--gc-sections -o "LCD.elf"  ./src/LCD.o ./src/helloworld.o ./src/platform.o   -Wl,--start-group,-lxil,-lgcc,-lc,--end-group
'Finished building target: LCD.elf'
' '
'Invoking: MicroBlaze Print Size'
mb-size LCD.elf  |tee "LCD.elf.size"
   text	   data	    bss	    dec	    hex	filename
   4054	    352	   2088	   6494	   195e	LCD.elf
'Finished building: LCD.elf.size'
' '
'Invoking: Xilinx ELF Check'
elfcheck LCD.elf -hw ../../MB_System_hw_platform/system.xml -pe microblaze_0  |tee "LCD.elf.elfcheck"
elfcheck
Xilinx EDK 14.7 Build EDK_P.20131013
Copyright (c) 1995-2012 Xilinx, Inc.  All rights reserved.

Command Line: elfcheck -hw ../../MB_System_hw_platform/system.xml -pe
microblaze_0 LCD.elf 

ELF file	: LCD.elf
elfcheck passed.
'Finished building: LCD.elf.elfcheck'
' '
10:40:05 **** Incremental Build of configuration Debug for project LCD ****
make all 
make: Nothing to be done for `all'.
10:40:28 **** Auto Build of configuration Debug for project LCD ****
make all 
'Building file: ../src/helloworld.c'
'Invoking: MicroBlaze gcc compiler'
mb-gcc -Wall -O0 -g3 -c -fmessage-length=0 -I../../LCD_bsp/microblaze_0/include -mlittle-endian -mxl-barrel-shift -mxl-pattern-compare -mno-xl-soft-div -mcpu=v8.50.c -mno-xl-soft-mul -Wl,--no-relax -ffunction-sections -fdata-sections -MMD -MP -MF"src/helloworld.d" -MT"src/helloworld.d" -o "src/helloworld.o" "../src/helloworld.c"
../src/helloworld.c: In function 'main':
../src/helloworld.c:49:6: warning: unused variable 'j' [-Wunused-variable]
'Finished building: ../src/helloworld.c'
' '
'Building target: LCD.elf'
'Invoking: MicroBlaze gcc linker'
mb-gcc -Wl,-T -Wl,../src/lscript.ld -L../../LCD_bsp/microblaze_0/lib -mlittle-endian -mxl-barrel-shift -mxl-pattern-compare -mno-xl-soft-div -mcpu=v8.50.c -mno-xl-soft-mul -Wl,--no-relax -Wl,--gc-sections -o "LCD.elf"  ./src/LCD.o ./src/helloworld.o ./src/platform.o   -Wl,--start-group,-lxil,-lgcc,-lc,--end-group
'Finished building target: LCD.elf'
' '
'Invoking: MicroBlaze Print Size'
mb-size LCD.elf  |tee "LCD.elf.size"
   text	   data	    bss	    dec	    hex	filename
   4054	    352	   2088	   6494	   195e	LCD.elf
'Finished building: LCD.elf.size'
' '
'Invoking: Xilinx ELF Check'
elfcheck LCD.elf -hw ../../MB_System_hw_platform/system.xml -pe microblaze_0  |tee "LCD.elf.elfcheck"
elfcheck
Xilinx EDK 14.7 Build EDK_P.20131013
Copyright (c) 1995-2012 Xilinx, Inc.  All rights reserved.

Command Line: elfcheck -hw ../../MB_System_hw_platform/system.xml -pe
microblaze_0 LCD.elf 

ELF file	: LCD.elf
elfcheck passed.
'Finished building: LCD.elf.elfcheck'
' '
10:40:32 **** Incremental Build of configuration Debug for project LCD ****
make all 
make: Nothing to be done for `all'.
10:41:47 **** Incremental Build of configuration Debug for project LCD ****
make all 
make: Nothing to be done for `all'.
10:41:54 **** Incremental Build of configuration Debug for project LCD ****
make all 
make: Nothing to be done for `all'.
10:42:24 **** Incremental Build of configuration Debug for project LCD ****
make all 
make: Nothing to be done for `all'.
10:42:56 **** Auto Build of project LCD_bsp ****
make -k all 
'Finished building libraries'
10:42:59 **** Incremental Build of configuration Debug for project LCD ****
make all 
make: Nothing to be done for `all'.
10:43:43 **** Auto Build of configuration Debug for project LCD ****
make all 
'Building file: ../src/LCD.c'
'Invoking: MicroBlaze gcc compiler'
mb-gcc -Wall -O0 -g3 -c -fmessage-length=0 -I../../LCD_bsp/microblaze_0/include -mlittle-endian -mxl-barrel-shift -mxl-pattern-compare -mno-xl-soft-div -mcpu=v8.50.c -mno-xl-soft-mul -Wl,--no-relax -ffunction-sections -fdata-sections -MMD -MP -MF"src/LCD.d" -MT"src/LCD.d" -o "src/LCD.o" "../src/LCD.c"
'Finished building: ../src/LCD.c'
' '
'Building target: LCD.elf'
'Invoking: MicroBlaze gcc linker'
mb-gcc -Wl,-T -Wl,../src/lscript.ld -L../../LCD_bsp/microblaze_0/lib -mlittle-endian -mxl-barrel-shift -mxl-pattern-compare -mno-xl-soft-div -mcpu=v8.50.c -mno-xl-soft-mul -Wl,--no-relax -Wl,--gc-sections -o "LCD.elf"  ./src/LCD.o ./src/helloworld.o ./src/platform.o   -Wl,--start-group,-lxil,-lgcc,-lc,--end-group
'Finished building target: LCD.elf'
' '
'Invoking: MicroBlaze Print Size'
mb-size LCD.elf  |tee "LCD.elf.size"
   text	   data	    bss	    dec	    hex	filename
   4054	    352	   2088	   6494	   195e	LCD.elf
'Finished building: LCD.elf.size'
' '
'Invoking: Xilinx ELF Check'
elfcheck LCD.elf -hw ../../MB_System_hw_platform/system.xml -pe microblaze_0  |tee "LCD.elf.elfcheck"
elfcheck
Xilinx EDK 14.7 Build EDK_P.20131013
Copyright (c) 1995-2012 Xilinx, Inc.  All rights reserved.

Command Line: elfcheck -hw ../../MB_System_hw_platform/system.xml -pe
microblaze_0 LCD.elf 

ELF file	: LCD.elf
elfcheck passed.
'Finished building: LCD.elf.elfcheck'
' '
10:43:48 **** Incremental Build of configuration Debug for project LCD ****
make all 
make: Nothing to be done for `all'.
10:43:55 **** Incremental Build of configuration Debug for project LCD ****
make all 
make: Nothing to be done for `all'.
10:44:38 **** Incremental Build of configuration Debug for project LCD ****
make all 
make: Nothing to be done for `all'.
10:44:59 **** Auto Build of configuration Debug for project LCD ****
make all 
'Building file: ../src/LCD.c'
'Invoking: MicroBlaze gcc compiler'
mb-gcc -Wall -O0 -g3 -c -fmessage-length=0 -I../../LCD_bsp/microblaze_0/include -mlittle-endian -mxl-barrel-shift -mxl-pattern-compare -mno-xl-soft-div -mcpu=v8.50.c -mno-xl-soft-mul -Wl,--no-relax -ffunction-sections -fdata-sections -MMD -MP -MF"src/LCD.d" -MT"src/LCD.d" -o "src/LCD.o" "../src/LCD.c"
'Finished building: ../src/LCD.c'
' '
'Building target: LCD.elf'
'Invoking: MicroBlaze gcc linker'
mb-gcc -Wl,-T -Wl,../src/lscript.ld -L../../LCD_bsp/microblaze_0/lib -mlittle-endian -mxl-barrel-shift -mxl-pattern-compare -mno-xl-soft-div -mcpu=v8.50.c -mno-xl-soft-mul -Wl,--no-relax -Wl,--gc-sections -o "LCD.elf"  ./src/LCD.o ./src/helloworld.o ./src/platform.o   -Wl,--start-group,-lxil,-lgcc,-lc,--end-group
'Finished building target: LCD.elf'
' '
'Invoking: MicroBlaze Print Size'
mb-size LCD.elf  |tee "LCD.elf.size"
   text	   data	    bss	    dec	    hex	filename
   4050	    352	   2094	   6496	   1960	LCD.elf
'Finished building: LCD.elf.size'
' '
'Invoking: Xilinx ELF Check'
elfcheck LCD.elf -hw ../../MB_System_hw_platform/system.xml -pe microblaze_0  |tee "LCD.elf.elfcheck"
elfcheck
Xilinx EDK 14.7 Build EDK_P.20131013
Copyright (c) 1995-2012 Xilinx, Inc.  All rights reserved.

Command Line: elfcheck -hw ../../MB_System_hw_platform/system.xml -pe
microblaze_0 LCD.elf 

ELF file	: LCD.elf
elfcheck passed.
'Finished building: LCD.elf.elfcheck'
' '
10:45:03 **** Incremental Build of configuration Debug for project LCD ****
make all 
make: Nothing to be done for `all'.
10:45:46 **** Auto Build of configuration Debug for project LCD ****
make all 
'Building file: ../src/LCD.c'
'Invoking: MicroBlaze gcc compiler'
mb-gcc -Wall -O0 -g3 -c -fmessage-length=0 -I../../LCD_bsp/microblaze_0/include -mlittle-endian -mxl-barrel-shift -mxl-pattern-compare -mno-xl-soft-div -mcpu=v8.50.c -mno-xl-soft-mul -Wl,--no-relax -ffunction-sections -fdata-sections -MMD -MP -MF"src/LCD.d" -MT"src/LCD.d" -o "src/LCD.o" "../src/LCD.c"
'Finished building: ../src/LCD.c'
' '
'Building target: LCD.elf'
'Invoking: MicroBlaze gcc linker'
mb-gcc -Wl,-T -Wl,../src/lscript.ld -L../../LCD_bsp/microblaze_0/lib -mlittle-endian -mxl-barrel-shift -mxl-pattern-compare -mno-xl-soft-div -mcpu=v8.50.c -mno-xl-soft-mul -Wl,--no-relax -Wl,--gc-sections -o "LCD.elf"  ./src/LCD.o ./src/helloworld.o ./src/platform.o   -Wl,--start-group,-lxil,-lgcc,-lc,--end-group
'Finished building target: LCD.elf'
' '
'Invoking: MicroBlaze Print Size'
mb-size LCD.elf  |tee "LCD.elf.size"
   text	   data	    bss	    dec	    hex	filename
   4050	    352	   2094	   6496	   1960	LCD.elf
'Finished building: LCD.elf.size'
' '
'Invoking: Xilinx ELF Check'
elfcheck LCD.elf -hw ../../MB_System_hw_platform/system.xml -pe microblaze_0  |tee "LCD.elf.elfcheck"
elfcheck
Xilinx EDK 14.7 Build EDK_P.20131013
Copyright (c) 1995-2012 Xilinx, Inc.  All rights reserved.

Command Line: elfcheck -hw ../../MB_System_hw_platform/system.xml -pe
microblaze_0 LCD.elf 

ELF file	: LCD.elf
elfcheck passed.
'Finished building: LCD.elf.elfcheck'
' '
10:45:51 **** Incremental Build of configuration Debug for project LCD ****
make all 
make: Nothing to be done for `all'.
10:46:12 **** Auto Build of configuration Debug for project LCD ****
make all 
'Building file: ../src/LCD.c'
'Invoking: MicroBlaze gcc compiler'
mb-gcc -Wall -O0 -g3 -c -fmessage-length=0 -I../../LCD_bsp/microblaze_0/include -mlittle-endian -mxl-barrel-shift -mxl-pattern-compare -mno-xl-soft-div -mcpu=v8.50.c -mno-xl-soft-mul -Wl,--no-relax -ffunction-sections -fdata-sections -MMD -MP -MF"src/LCD.d" -MT"src/LCD.d" -o "src/LCD.o" "../src/LCD.c"
'Finished building: ../src/LCD.c'
' '
'Building target: LCD.elf'
'Invoking: MicroBlaze gcc linker'
mb-gcc -Wl,-T -Wl,../src/lscript.ld -L../../LCD_bsp/microblaze_0/lib -mlittle-endian -mxl-barrel-shift -mxl-pattern-compare -mno-xl-soft-div -mcpu=v8.50.c -mno-xl-soft-mul -Wl,--no-relax -Wl,--gc-sections -o "LCD.elf"  ./src/LCD.o ./src/helloworld.o ./src/platform.o   -Wl,--start-group,-lxil,-lgcc,-lc,--end-group
'Finished building target: LCD.elf'
' '
'Invoking: MicroBlaze Print Size'
mb-size LCD.elf  |tee "LCD.elf.size"
   text	   data	    bss	    dec	    hex	filename
   4050	    352	   2094	   6496	   1960	LCD.elf
'Finished building: LCD.elf.size'
' '
'Invoking: Xilinx ELF Check'
elfcheck LCD.elf -hw ../../MB_System_hw_platform/system.xml -pe microblaze_0  |tee "LCD.elf.elfcheck"
elfcheck
Xilinx EDK 14.7 Build EDK_P.20131013
Copyright (c) 1995-2012 Xilinx, Inc.  All rights reserved.

Command Line: elfcheck -hw ../../MB_System_hw_platform/system.xml -pe
microblaze_0 LCD.elf 

ELF file	: LCD.elf
elfcheck passed.
'Finished building: LCD.elf.elfcheck'
' '
10:46:18 **** Incremental Build of configuration Debug for project LCD ****
make all 
make: Nothing to be done for `all'.
10:47:09 **** Auto Build of configuration Debug for project LCD ****
make all 
'Building file: ../src/LCD.c'
'Invoking: MicroBlaze gcc compiler'
mb-gcc -Wall -O0 -g3 -c -fmessage-length=0 -I../../LCD_bsp/microblaze_0/include -mlittle-endian -mxl-barrel-shift -mxl-pattern-compare -mno-xl-soft-div -mcpu=v8.50.c -mno-xl-soft-mul -Wl,--no-relax -ffunction-sections -fdata-sections -MMD -MP -MF"src/LCD.d" -MT"src/LCD.d" -o "src/LCD.o" "../src/LCD.c"
'Finished building: ../src/LCD.c'
' '
'Building target: LCD.elf'
'Invoking: MicroBlaze gcc linker'
mb-gcc -Wl,-T -Wl,../src/lscript.ld -L../../LCD_bsp/microblaze_0/lib -mlittle-endian -mxl-barrel-shift -mxl-pattern-compare -mno-xl-soft-div -mcpu=v8.50.c -mno-xl-soft-mul -Wl,--no-relax -Wl,--gc-sections -o "LCD.elf"  ./src/LCD.o ./src/helloworld.o ./src/platform.o   -Wl,--start-group,-lxil,-lgcc,-lc,--end-group
'Finished building target: LCD.elf'
' '
'Invoking: MicroBlaze Print Size'
mb-size LCD.elf  |tee "LCD.elf.size"
   text	   data	    bss	    dec	    hex	filename
   4050	    352	   2094	   6496	   1960	LCD.elf
'Finished building: LCD.elf.size'
' '
'Invoking: Xilinx ELF Check'
elfcheck LCD.elf -hw ../../MB_System_hw_platform/system.xml -pe microblaze_0  |tee "LCD.elf.elfcheck"
elfcheck
Xilinx EDK 14.7 Build EDK_P.20131013
Copyright (c) 1995-2012 Xilinx, Inc.  All rights reserved.

Command Line: elfcheck -hw ../../MB_System_hw_platform/system.xml -pe
microblaze_0 LCD.elf 

ELF file	: LCD.elf
elfcheck passed.
'Finished building: LCD.elf.elfcheck'
' '
10:47:13 **** Auto Build of configuration Debug for project LCD ****
make all 
'Building file: ../src/LCD.c'
'Invoking: MicroBlaze gcc compiler'
mb-gcc -Wall -O0 -g3 -c -fmessage-length=0 -I../../LCD_bsp/microblaze_0/include -mlittle-endian -mxl-barrel-shift -mxl-pattern-compare -mno-xl-soft-div -mcpu=v8.50.c -mno-xl-soft-mul -Wl,--no-relax -ffunction-sections -fdata-sections -MMD -MP -MF"src/LCD.d" -MT"src/LCD.d" -o "src/LCD.o" "../src/LCD.c"
'Finished building: ../src/LCD.c'
' '
'Building target: LCD.elf'
'Invoking: MicroBlaze gcc linker'
mb-gcc -Wl,-T -Wl,../src/lscript.ld -L../../LCD_bsp/microblaze_0/lib -mlittle-endian -mxl-barrel-shift -mxl-pattern-compare -mno-xl-soft-div -mcpu=v8.50.c -mno-xl-soft-mul -Wl,--no-relax -Wl,--gc-sections -o "LCD.elf"  ./src/LCD.o ./src/helloworld.o ./src/platform.o   -Wl,--start-group,-lxil,-lgcc,-lc,--end-group
'Finished building target: LCD.elf'
' '
'Invoking: MicroBlaze Print Size'
mb-size LCD.elf  |tee "LCD.elf.size"
   text	   data	    bss	    dec	    hex	filename
   4050	    352	   2094	   6496	   1960	LCD.elf
'Finished building: LCD.elf.size'
' '
'Invoking: Xilinx ELF Check'
elfcheck LCD.elf -hw ../../MB_System_hw_platform/system.xml -pe microblaze_0  |tee "LCD.elf.elfcheck"
elfcheck
Xilinx EDK 14.7 Build EDK_P.20131013
Copyright (c) 1995-2012 Xilinx, Inc.  All rights reserved.

Command Line: elfcheck -hw ../../MB_System_hw_platform/system.xml -pe
microblaze_0 LCD.elf 

ELF file	: LCD.elf
elfcheck passed.
'Finished building: LCD.elf.elfcheck'
' '
10:47:21 **** Incremental Build of configuration Debug for project LCD ****
make all 
make: Nothing to be done for `all'.
10:49:06 **** Auto Build of configuration Debug for project LCD ****
make all 
'Building file: ../src/LCD.c'
'Invoking: MicroBlaze gcc compiler'
mb-gcc -Wall -O0 -g3 -c -fmessage-length=0 -I../../LCD_bsp/microblaze_0/include -mlittle-endian -mxl-barrel-shift -mxl-pattern-compare -mno-xl-soft-div -mcpu=v8.50.c -mno-xl-soft-mul -Wl,--no-relax -ffunction-sections -fdata-sections -MMD -MP -MF"src/LCD.d" -MT"src/LCD.d" -o "src/LCD.o" "../src/LCD.c"
'Finished building: ../src/LCD.c'
' '
'Building target: LCD.elf'
'Invoking: MicroBlaze gcc linker'
mb-gcc -Wl,-T -Wl,../src/lscript.ld -L../../LCD_bsp/microblaze_0/lib -mlittle-endian -mxl-barrel-shift -mxl-pattern-compare -mno-xl-soft-div -mcpu=v8.50.c -mno-xl-soft-mul -Wl,--no-relax -Wl,--gc-sections -o "LCD.elf"  ./src/LCD.o ./src/helloworld.o ./src/platform.o   -Wl,--start-group,-lxil,-lgcc,-lc,--end-group
'Finished building target: LCD.elf'
' '
'Invoking: MicroBlaze Print Size'
mb-size LCD.elf  |tee "LCD.elf.size"
   text	   data	    bss	    dec	    hex	filename
   4054	    352	   2088	   6494	   195e	LCD.elf
'Finished building: LCD.elf.size'
' '
'Invoking: Xilinx ELF Check'
elfcheck LCD.elf -hw ../../MB_System_hw_platform/system.xml -pe microblaze_0  |tee "LCD.elf.elfcheck"
elfcheck
Xilinx EDK 14.7 Build EDK_P.20131013
Copyright (c) 1995-2012 Xilinx, Inc.  All rights reserved.

Command Line: elfcheck -hw ../../MB_System_hw_platform/system.xml -pe
microblaze_0 LCD.elf 

ELF file	: LCD.elf
elfcheck passed.
'Finished building: LCD.elf.elfcheck'
' '
10:49:26 **** Auto Build of configuration Debug for project LCD ****
make all 
'Building file: ../src/LCD.c'
'Invoking: MicroBlaze gcc compiler'
mb-gcc -Wall -O0 -g3 -c -fmessage-length=0 -I../../LCD_bsp/microblaze_0/include -mlittle-endian -mxl-barrel-shift -mxl-pattern-compare -mno-xl-soft-div -mcpu=v8.50.c -mno-xl-soft-mul -Wl,--no-relax -ffunction-sections -fdata-sections -MMD -MP -MF"src/LCD.d" -MT"src/LCD.d" -o "src/LCD.o" "../src/LCD.c"
'Finished building: ../src/LCD.c'
' '
'Building target: LCD.elf'
'Invoking: MicroBlaze gcc linker'
mb-gcc -Wl,-T -Wl,../src/lscript.ld -L../../LCD_bsp/microblaze_0/lib -mlittle-endian -mxl-barrel-shift -mxl-pattern-compare -mno-xl-soft-div -mcpu=v8.50.c -mno-xl-soft-mul -Wl,--no-relax -Wl,--gc-sections -o "LCD.elf"  ./src/LCD.o ./src/helloworld.o ./src/platform.o   -Wl,--start-group,-lxil,-lgcc,-lc,--end-group
'Finished building target: LCD.elf'
' '
'Invoking: MicroBlaze Print Size'
mb-size LCD.elf  |tee "LCD.elf.size"
   text	   data	    bss	    dec	    hex	filename
   4054	    352	   2088	   6494	   195e	LCD.elf
'Finished building: LCD.elf.size'
' '
'Invoking: Xilinx ELF Check'
elfcheck LCD.elf -hw ../../MB_System_hw_platform/system.xml -pe microblaze_0  |tee "LCD.elf.elfcheck"
elfcheck
Xilinx EDK 14.7 Build EDK_P.20131013
Copyright (c) 1995-2012 Xilinx, Inc.  All rights reserved.

Command Line: elfcheck -hw ../../MB_System_hw_platform/system.xml -pe
microblaze_0 LCD.elf 

ELF file	: LCD.elf
elfcheck passed.
'Finished building: LCD.elf.elfcheck'
' '
10:50:17 **** Auto Build of configuration Debug for project LCD ****
make all 
'Building file: ../src/LCD.c'
'Invoking: MicroBlaze gcc compiler'
mb-gcc -Wall -O0 -g3 -c -fmessage-length=0 -I../../LCD_bsp/microblaze_0/include -mlittle-endian -mxl-barrel-shift -mxl-pattern-compare -mno-xl-soft-div -mcpu=v8.50.c -mno-xl-soft-mul -Wl,--no-relax -ffunction-sections -fdata-sections -MMD -MP -MF"src/LCD.d" -MT"src/LCD.d" -o "src/LCD.o" "../src/LCD.c"
../src/LCD.c:82:6: error: conflicting types for 'write_Memory'
../src/LCD.h:33:6: note: previous declaration of 'write_Memory' was here
../src/LCD.c: In function 'write_Memory':
../src/LCD.c:83:29: error: 'y' undeclared (first use in this function)
../src/LCD.c:83:29: note: each undeclared identifier is reported only once for each function it appears in
../src/LCD.c:84:21: error: 'x' undeclared (first use in this function)
make: *** [src/LCD.o] Error 1
10:50:48 **** Auto Build of configuration Debug for project LCD ****
make all 
'Building file: ../src/LCD.c'
'Invoking: MicroBlaze gcc compiler'
mb-gcc -Wall -O0 -g3 -c -fmessage-length=0 -I../../LCD_bsp/microblaze_0/include -mlittle-endian -mxl-barrel-shift -mxl-pattern-compare -mno-xl-soft-div -mcpu=v8.50.c -mno-xl-soft-mul -Wl,--no-relax -ffunction-sections -fdata-sections -MMD -MP -MF"src/LCD.d" -MT"src/LCD.d" -o "src/LCD.o" "../src/LCD.c"
In file included from ../src/LCD.c:1:0:
../src/LCD.h:34:46: error: expected ';', ',' or ')' before 'data'
../src/LCD.c: In function 'write_Memory':
../src/LCD.c:83:29: error: 'y' undeclared (first use in this function)
../src/LCD.c:83:29: note: each undeclared identifier is reported only once for each function it appears in
../src/LCD.c:84:21: error: 'x' undeclared (first use in this function)
make: *** [src/LCD.o] Error 1
10:50:52 **** Auto Build of configuration Debug for project LCD ****
make all 
'Building file: ../src/LCD.c'
'Invoking: MicroBlaze gcc compiler'
mb-gcc -Wall -O0 -g3 -c -fmessage-length=0 -I../../LCD_bsp/microblaze_0/include -mlittle-endian -mxl-barrel-shift -mxl-pattern-compare -mno-xl-soft-div -mcpu=v8.50.c -mno-xl-soft-mul -Wl,--no-relax -ffunction-sections -fdata-sections -MMD -MP -MF"src/LCD.d" -MT"src/LCD.d" -o "src/LCD.o" "../src/LCD.c"
../src/LCD.c:82:6: error: conflicting types for 'write_Memory'
../src/LCD.h:34:6: note: previous declaration of 'write_Memory' was here
../src/LCD.c: In function 'write_Memory':
../src/LCD.c:83:29: error: 'y' undeclared (first use in this function)
../src/LCD.c:83:29: note: each undeclared identifier is reported only once for each function it appears in
../src/LCD.c:84:21: error: 'x' undeclared (first use in this function)
make: *** [src/LCD.o] Error 1
10:50:58 **** Auto Build of configuration Debug for project LCD ****
make all 
'Building file: ../src/LCD.c'
'Invoking: MicroBlaze gcc compiler'
mb-gcc -Wall -O0 -g3 -c -fmessage-length=0 -I../../LCD_bsp/microblaze_0/include -mlittle-endian -mxl-barrel-shift -mxl-pattern-compare -mno-xl-soft-div -mcpu=v8.50.c -mno-xl-soft-mul -Wl,--no-relax -ffunction-sections -fdata-sections -MMD -MP -MF"src/LCD.d" -MT"src/LCD.d" -o "src/LCD.o" "../src/LCD.c"
../src/LCD.c: In function 'write_Memory':
../src/LCD.c:83:29: error: 'y' undeclared (first use in this function)
../src/LCD.c:83:29: note: each undeclared identifier is reported only once for each function it appears in
../src/LCD.c:84:21: error: 'x' undeclared (first use in this function)
make: *** [src/LCD.o] Error 1
10:51:34 **** Auto Build of configuration Debug for project LCD ****
make all 
'Building file: ../src/LCD.c'
'Invoking: MicroBlaze gcc compiler'
mb-gcc -Wall -O0 -g3 -c -fmessage-length=0 -I../../LCD_bsp/microblaze_0/include -mlittle-endian -mxl-barrel-shift -mxl-pattern-compare -mno-xl-soft-div -mcpu=v8.50.c -mno-xl-soft-mul -Wl,--no-relax -ffunction-sections -fdata-sections -MMD -MP -MF"src/LCD.d" -MT"src/LCD.d" -o "src/LCD.o" "../src/LCD.c"
../src/LCD.c: In function 'write_Memory':
../src/LCD.c:84:21: error: 'x' undeclared (first use in this function)
../src/LCD.c:84:21: note: each undeclared identifier is reported only once for each function it appears in
../src/LCD.c:87:22: error: 'y' undeclared (first use in this function)
make: *** [src/LCD.o] Error 1
10:52:11 **** Auto Build of configuration Debug for project LCD ****
make all 
'Building file: ../src/LCD.c'
'Invoking: MicroBlaze gcc compiler'
mb-gcc -Wall -O0 -g3 -c -fmessage-length=0 -I../../LCD_bsp/microblaze_0/include -mlittle-endian -mxl-barrel-shift -mxl-pattern-compare -mno-xl-soft-div -mcpu=v8.50.c -mno-xl-soft-mul -Wl,--no-relax -ffunction-sections -fdata-sections -MMD -MP -MF"src/LCD.d" -MT"src/LCD.d" -o "src/LCD.o" "../src/LCD.c"
../src/LCD.c:82:6: error: conflicting types for 'write_Memory'
../src/LCD.h:34:6: note: previous declaration of 'write_Memory' was here
../src/LCD.c: In function 'write_Memory':
../src/LCD.c:84:21: error: 'x' undeclared (first use in this function)
../src/LCD.c:84:21: note: each undeclared identifier is reported only once for each function it appears in
../src/LCD.c:87:22: error: 'y' undeclared (first use in this function)
make: *** [src/LCD.o] Error 1
10:52:19 **** Auto Build of configuration Debug for project LCD ****
make all 
'Building file: ../src/LCD.c'
'Invoking: MicroBlaze gcc compiler'
mb-gcc -Wall -O0 -g3 -c -fmessage-length=0 -I../../LCD_bsp/microblaze_0/include -mlittle-endian -mxl-barrel-shift -mxl-pattern-compare -mno-xl-soft-div -mcpu=v8.50.c -mno-xl-soft-mul -Wl,--no-relax -ffunction-sections -fdata-sections -MMD -MP -MF"src/LCD.d" -MT"src/LCD.d" -o "src/LCD.o" "../src/LCD.c"
../src/LCD.c: In function 'write_Memory':
../src/LCD.c:84:21: error: 'x' undeclared (first use in this function)
../src/LCD.c:84:21: note: each undeclared identifier is reported only once for each function it appears in
../src/LCD.c:87:22: error: 'y' undeclared (first use in this function)
make: *** [src/LCD.o] Error 1
10:52:44 **** Auto Build of configuration Debug for project LCD ****
make all 
'Building file: ../src/LCD.c'
'Invoking: MicroBlaze gcc compiler'
mb-gcc -Wall -O0 -g3 -c -fmessage-length=0 -I../../LCD_bsp/microblaze_0/include -mlittle-endian -mxl-barrel-shift -mxl-pattern-compare -mno-xl-soft-div -mcpu=v8.50.c -mno-xl-soft-mul -Wl,--no-relax -ffunction-sections -fdata-sections -MMD -MP -MF"src/LCD.d" -MT"src/LCD.d" -o "src/LCD.o" "../src/LCD.c"
'Finished building: ../src/LCD.c'
' '
'Building target: LCD.elf'
'Invoking: MicroBlaze gcc linker'
mb-gcc -Wl,-T -Wl,../src/lscript.ld -L../../LCD_bsp/microblaze_0/lib -mlittle-endian -mxl-barrel-shift -mxl-pattern-compare -mno-xl-soft-div -mcpu=v8.50.c -mno-xl-soft-mul -Wl,--no-relax -Wl,--gc-sections -o "LCD.elf"  ./src/LCD.o ./src/helloworld.o ./src/platform.o   -Wl,--start-group,-lxil,-lgcc,-lc,--end-group
'Finished building target: LCD.elf'
' '
'Invoking: MicroBlaze Print Size'
mb-size LCD.elf  |tee "LCD.elf.size"
   text	   data	    bss	    dec	    hex	filename
   4054	    352	   2088	   6494	   195e	LCD.elf
'Finished building: LCD.elf.size'
' '
'Invoking: Xilinx ELF Check'
elfcheck LCD.elf -hw ../../MB_System_hw_platform/system.xml -pe microblaze_0  |tee "LCD.elf.elfcheck"
elfcheck
Xilinx EDK 14.7 Build EDK_P.20131013
Copyright (c) 1995-2012 Xilinx, Inc.  All rights reserved.

Command Line: elfcheck -hw ../../MB_System_hw_platform/system.xml -pe
microblaze_0 LCD.elf 

ELF file	: LCD.elf
elfcheck passed.
'Finished building: LCD.elf.elfcheck'
' '
10:53:30 **** Auto Build of configuration Debug for project LCD ****
make all 
'Building file: ../src/helloworld.c'
'Invoking: MicroBlaze gcc compiler'
mb-gcc -Wall -O0 -g3 -c -fmessage-length=0 -I../../LCD_bsp/microblaze_0/include -mlittle-endian -mxl-barrel-shift -mxl-pattern-compare -mno-xl-soft-div -mcpu=v8.50.c -mno-xl-soft-mul -Wl,--no-relax -ffunction-sections -fdata-sections -MMD -MP -MF"src/helloworld.d" -MT"src/helloworld.d" -o "src/helloworld.o" "../src/helloworld.c"
../src/helloworld.c: In function 'main':
../src/helloworld.c:65:3: error: too few arguments to function 'write_Memory'
../src/lcd.h:34:6: note: declared here
../src/helloworld.c:49:6: warning: unused variable 'j' [-Wunused-variable]
make: *** [src/helloworld.o] Error 1
10:53:50 **** Auto Build of configuration Debug for project LCD ****
make all 
'Building file: ../src/helloworld.c'
'Invoking: MicroBlaze gcc compiler'
mb-gcc -Wall -O0 -g3 -c -fmessage-length=0 -I../../LCD_bsp/microblaze_0/include -mlittle-endian -mxl-barrel-shift -mxl-pattern-compare -mno-xl-soft-div -mcpu=v8.50.c -mno-xl-soft-mul -Wl,--no-relax -ffunction-sections -fdata-sections -MMD -MP -MF"src/helloworld.d" -MT"src/helloworld.d" -o "src/helloworld.o" "../src/helloworld.c"
../src/helloworld.c: In function 'main':
../src/helloworld.c:49:6: warning: unused variable 'j' [-Wunused-variable]
'Finished building: ../src/helloworld.c'
' '
'Building target: LCD.elf'
'Invoking: MicroBlaze gcc linker'
mb-gcc -Wl,-T -Wl,../src/lscript.ld -L../../LCD_bsp/microblaze_0/lib -mlittle-endian -mxl-barrel-shift -mxl-pattern-compare -mno-xl-soft-div -mcpu=v8.50.c -mno-xl-soft-mul -Wl,--no-relax -Wl,--gc-sections -o "LCD.elf"  ./src/LCD.o ./src/helloworld.o ./src/platform.o   -Wl,--start-group,-lxil,-lgcc,-lc,--end-group
'Finished building target: LCD.elf'
' '
'Invoking: MicroBlaze Print Size'
mb-size LCD.elf  |tee "LCD.elf.size"
   text	   data	    bss	    dec	    hex	filename
   4026	    344	   2094	   6464	   1940	LCD.elf
'Finished building: LCD.elf.size'
' '
'Invoking: Xilinx ELF Check'
elfcheck LCD.elf -hw ../../MB_System_hw_platform/system.xml -pe microblaze_0  |tee "LCD.elf.elfcheck"
elfcheck
Xilinx EDK 14.7 Build EDK_P.20131013
Copyright (c) 1995-2012 Xilinx, Inc.  All rights reserved.

Command Line: elfcheck -hw ../../MB_System_hw_platform/system.xml -pe
microblaze_0 LCD.elf 

ELF file	: LCD.elf
elfcheck passed.
'Finished building: LCD.elf.elfcheck'
' '
10:53:55 **** Incremental Build of configuration Debug for project LCD ****
make all 
make: Nothing to be done for `all'.
10:55:43 **** Incremental Build of configuration Debug for project LCD ****
make all 
make: Nothing to be done for `all'.
10:55:47 **** Incremental Build of configuration Debug for project LCD ****
make all 
make: Nothing to be done for `all'.
10:56:05 **** Auto Build of project LCD_bsp ****
make -k all 
'Finished building libraries'
10:56:07 **** Incremental Build of configuration Debug for project LCD ****
make all 
make: Nothing to be done for `all'.
10:57:00 **** Auto Build of configuration Debug for project LCD ****
make all 
'Building file: ../src/LCD.c'
'Invoking: MicroBlaze gcc compiler'
mb-gcc -Wall -O0 -g3 -c -fmessage-length=0 -I../../LCD_bsp/microblaze_0/include -mlittle-endian -mxl-barrel-shift -mxl-pattern-compare -mno-xl-soft-div -mcpu=v8.50.c -mno-xl-soft-mul -Wl,--no-relax -ffunction-sections -fdata-sections -MMD -MP -MF"src/LCD.d" -MT"src/LCD.d" -o "src/LCD.o" "../src/LCD.c"
'Finished building: ../src/LCD.c'
' '
'Building target: LCD.elf'
'Invoking: MicroBlaze gcc linker'
mb-gcc -Wl,-T -Wl,../src/lscript.ld -L../../LCD_bsp/microblaze_0/lib -mlittle-endian -mxl-barrel-shift -mxl-pattern-compare -mno-xl-soft-div -mcpu=v8.50.c -mno-xl-soft-mul -Wl,--no-relax -Wl,--gc-sections -o "LCD.elf"  ./src/LCD.o ./src/helloworld.o ./src/platform.o   -Wl,--start-group,-lxil,-lgcc,-lc,--end-group
'Finished building target: LCD.elf'
' '
'Invoking: MicroBlaze Print Size'
mb-size LCD.elf  |tee "LCD.elf.size"
   text	   data	    bss	    dec	    hex	filename
   4026	    344	   2094	   6464	   1940	LCD.elf
'Finished building: LCD.elf.size'
' '
'Invoking: Xilinx ELF Check'
elfcheck LCD.elf -hw ../../MB_System_hw_platform/system.xml -pe microblaze_0  |tee "LCD.elf.elfcheck"
elfcheck
Xilinx EDK 14.7 Build EDK_P.20131013
Copyright (c) 1995-2012 Xilinx, Inc.  All rights reserved.

Command Line: elfcheck -hw ../../MB_System_hw_platform/system.xml -pe
microblaze_0 LCD.elf 

ELF file	: LCD.elf
elfcheck passed.
'Finished building: LCD.elf.elfcheck'
' '
10:57:09 **** Incremental Build of configuration Debug for project LCD ****
make all 
make: Nothing to be done for `all'.
10:57:19 **** Incremental Build of configuration Debug for project LCD ****
make all 
make: Nothing to be done for `all'.
10:57:59 **** Auto Build of configuration Debug for project LCD ****
make all 
'Building file: ../src/helloworld.c'
'Invoking: MicroBlaze gcc compiler'
mb-gcc -Wall -O0 -g3 -c -fmessage-length=0 -I../../LCD_bsp/microblaze_0/include -mlittle-endian -mxl-barrel-shift -mxl-pattern-compare -mno-xl-soft-div -mcpu=v8.50.c -mno-xl-soft-mul -Wl,--no-relax -ffunction-sections -fdata-sections -MMD -MP -MF"src/helloworld.d" -MT"src/helloworld.d" -o "src/helloworld.o" "../src/helloworld.c"
../src/helloworld.c: In function 'main':
../src/helloworld.c:49:6: warning: unused variable 'j' [-Wunused-variable]
'Finished building: ../src/helloworld.c'
' '
'Building target: LCD.elf'
'Invoking: MicroBlaze gcc linker'
mb-gcc -Wl,-T -Wl,../src/lscript.ld -L../../LCD_bsp/microblaze_0/lib -mlittle-endian -mxl-barrel-shift -mxl-pattern-compare -mno-xl-soft-div -mcpu=v8.50.c -mno-xl-soft-mul -Wl,--no-relax -Wl,--gc-sections -o "LCD.elf"  ./src/LCD.o ./src/helloworld.o ./src/platform.o   -Wl,--start-group,-lxil,-lgcc,-lc,--end-group
'Finished building target: LCD.elf'
' '
'Invoking: MicroBlaze Print Size'
mb-size LCD.elf  |tee "LCD.elf.size"
   text	   data	    bss	    dec	    hex	filename
   4022	    344	   2088	   6454	   1936	LCD.elf
'Finished building: LCD.elf.size'
' '
'Invoking: Xilinx ELF Check'
elfcheck LCD.elf -hw ../../MB_System_hw_platform/system.xml -pe microblaze_0  |tee "LCD.elf.elfcheck"
elfcheck
Xilinx EDK 14.7 Build EDK_P.20131013
Copyright (c) 1995-2012 Xilinx, Inc.  All rights reserved.

Command Line: elfcheck -hw ../../MB_System_hw_platform/system.xml -pe
microblaze_0 LCD.elf 

ELF file	: LCD.elf
elfcheck passed.
'Finished building: LCD.elf.elfcheck'
' '
10:58:01 **** Incremental Build of configuration Debug for project LCD ****
make all 
make: Nothing to be done for `all'.
10:58:23 **** Auto Build of configuration Debug for project LCD ****
make all 
'Building file: ../src/helloworld.c'
'Invoking: MicroBlaze gcc compiler'
mb-gcc -Wall -O0 -g3 -c -fmessage-length=0 -I../../LCD_bsp/microblaze_0/include -mlittle-endian -mxl-barrel-shift -mxl-pattern-compare -mno-xl-soft-div -mcpu=v8.50.c -mno-xl-soft-mul -Wl,--no-relax -ffunction-sections -fdata-sections -MMD -MP -MF"src/helloworld.d" -MT"src/helloworld.d" -o "src/helloworld.o" "../src/helloworld.c"
../src/helloworld.c: In function 'main':
../src/helloworld.c:49:6: warning: unused variable 'j' [-Wunused-variable]
'Finished building: ../src/helloworld.c'
' '
'Building target: LCD.elf'
'Invoking: MicroBlaze gcc linker'
mb-gcc -Wl,-T -Wl,../src/lscript.ld -L../../LCD_bsp/microblaze_0/lib -mlittle-endian -mxl-barrel-shift -mxl-pattern-compare -mno-xl-soft-div -mcpu=v8.50.c -mno-xl-soft-mul -Wl,--no-relax -Wl,--gc-sections -o "LCD.elf"  ./src/LCD.o ./src/helloworld.o ./src/platform.o   -Wl,--start-group,-lxil,-lgcc,-lc,--end-group
'Finished building target: LCD.elf'
' '
'Invoking: MicroBlaze Print Size'
mb-size LCD.elf  |tee "LCD.elf.size"
   text	   data	    bss	    dec	    hex	filename
   4022	    344	   2088	   6454	   1936	LCD.elf
'Finished building: LCD.elf.size'
' '
'Invoking: Xilinx ELF Check'
elfcheck LCD.elf -hw ../../MB_System_hw_platform/system.xml -pe microblaze_0  |tee "LCD.elf.elfcheck"
elfcheck
Xilinx EDK 14.7 Build EDK_P.20131013
Copyright (c) 1995-2012 Xilinx, Inc.  All rights reserved.

Command Line: elfcheck -hw ../../MB_System_hw_platform/system.xml -pe
microblaze_0 LCD.elf 

ELF file	: LCD.elf
elfcheck passed.
'Finished building: LCD.elf.elfcheck'
' '
10:58:25 **** Incremental Build of configuration Debug for project LCD ****
make all 
make: Nothing to be done for `all'.
10:59:12 **** Auto Build of configuration Debug for project LCD ****
make all 
'Building file: ../src/helloworld.c'
'Invoking: MicroBlaze gcc compiler'
mb-gcc -Wall -O0 -g3 -c -fmessage-length=0 -I../../LCD_bsp/microblaze_0/include -mlittle-endian -mxl-barrel-shift -mxl-pattern-compare -mno-xl-soft-div -mcpu=v8.50.c -mno-xl-soft-mul -Wl,--no-relax -ffunction-sections -fdata-sections -MMD -MP -MF"src/helloworld.d" -MT"src/helloworld.d" -o "src/helloworld.o" "../src/helloworld.c"
../src/helloworld.c: In function 'main':
../src/helloworld.c:61:9: error: redeclaration of 'j' with no linkage
../src/helloworld.c:49:6: note: previous declaration of 'j' was here
../src/helloworld.c:61:1: error: 'for' loop initial declarations are only allowed in C99 mode
../src/helloworld.c:61:1: note: use option -std=c99 or -std=gnu99 to compile your code
make: *** [src/helloworld.o] Error 1
10:59:28 **** Auto Build of configuration Debug for project LCD ****
make all 
'Building file: ../src/helloworld.c'
'Invoking: MicroBlaze gcc compiler'
mb-gcc -Wall -O0 -g3 -c -fmessage-length=0 -I../../LCD_bsp/microblaze_0/include -mlittle-endian -mxl-barrel-shift -mxl-pattern-compare -mno-xl-soft-div -mcpu=v8.50.c -mno-xl-soft-mul -Wl,--no-relax -ffunction-sections -fdata-sections -MMD -MP -MF"src/helloworld.d" -MT"src/helloworld.d" -o "src/helloworld.o" "../src/helloworld.c"
../src/helloworld.c: In function 'main':
../src/helloworld.c:49:6: error: conflicting types for 'j'
../src/helloworld.c:48:14: note: previous declaration of 'j' was here
../src/helloworld.c:61:9: error: redeclaration of 'j' with no linkage
../src/helloworld.c:49:6: note: previous declaration of 'j' was here
../src/helloworld.c:61:1: error: 'for' loop initial declarations are only allowed in C99 mode
../src/helloworld.c:61:1: note: use option -std=c99 or -std=gnu99 to compile your code
make: *** [src/helloworld.o] Error 1
10:59:33 **** Auto Build of configuration Debug for project LCD ****
make all 
'Building file: ../src/helloworld.c'
'Invoking: MicroBlaze gcc compiler'
mb-gcc -Wall -O0 -g3 -c -fmessage-length=0 -I../../LCD_bsp/microblaze_0/include -mlittle-endian -mxl-barrel-shift -mxl-pattern-compare -mno-xl-soft-div -mcpu=v8.50.c -mno-xl-soft-mul -Wl,--no-relax -ffunction-sections -fdata-sections -MMD -MP -MF"src/helloworld.d" -MT"src/helloworld.d" -o "src/helloworld.o" "../src/helloworld.c"
../src/helloworld.c: In function 'main':
../src/helloworld.c:49:6: error: conflicting types for 'j'
../src/helloworld.c:48:14: note: previous declaration of 'j' was here
make: *** [src/helloworld.o] Error 1
10:59:55 **** Auto Build of configuration Debug for project LCD ****
make all 
'Building file: ../src/helloworld.c'
'Invoking: MicroBlaze gcc compiler'
mb-gcc -Wall -O0 -g3 -c -fmessage-length=0 -I../../LCD_bsp/microblaze_0/include -mlittle-endian -mxl-barrel-shift -mxl-pattern-compare -mno-xl-soft-div -mcpu=v8.50.c -mno-xl-soft-mul -Wl,--no-relax -ffunction-sections -fdata-sections -MMD -MP -MF"src/helloworld.d" -MT"src/helloworld.d" -o "src/helloworld.o" "../src/helloworld.c"
../src/helloworld.c: In function 'main':
../src/helloworld.c:49:6: error: conflicting types for 'j'
../src/helloworld.c:48:14: note: previous declaration of 'j' was here
make: *** [src/helloworld.o] Error 1
11:00:02 **** Auto Build of configuration Debug for project LCD ****
make all 
'Building file: ../src/helloworld.c'
'Invoking: MicroBlaze gcc compiler'
mb-gcc -Wall -O0 -g3 -c -fmessage-length=0 -I../../LCD_bsp/microblaze_0/include -mlittle-endian -mxl-barrel-shift -mxl-pattern-compare -mno-xl-soft-div -mcpu=v8.50.c -mno-xl-soft-mul -Wl,--no-relax -ffunction-sections -fdata-sections -MMD -MP -MF"src/helloworld.d" -MT"src/helloworld.d" -o "src/helloworld.o" "../src/helloworld.c"
../src/helloworld.c: In function 'main':
../src/helloworld.c:49:6: error: conflicting types for 'j'
../src/helloworld.c:48:14: note: previous declaration of 'j' was here
make: *** [src/helloworld.o] Error 1
11:00:20 **** Auto Build of configuration Debug for project LCD ****
make all 
'Building file: ../src/helloworld.c'
'Invoking: MicroBlaze gcc compiler'
mb-gcc -Wall -O0 -g3 -c -fmessage-length=0 -I../../LCD_bsp/microblaze_0/include -mlittle-endian -mxl-barrel-shift -mxl-pattern-compare -mno-xl-soft-div -mcpu=v8.50.c -mno-xl-soft-mul -Wl,--no-relax -ffunction-sections -fdata-sections -MMD -MP -MF"src/helloworld.d" -MT"src/helloworld.d" -o "src/helloworld.o" "../src/helloworld.c"
'Finished building: ../src/helloworld.c'
' '
'Building target: LCD.elf'
'Invoking: MicroBlaze gcc linker'
mb-gcc -Wl,-T -Wl,../src/lscript.ld -L../../LCD_bsp/microblaze_0/lib -mlittle-endian -mxl-barrel-shift -mxl-pattern-compare -mno-xl-soft-div -mcpu=v8.50.c -mno-xl-soft-mul -Wl,--no-relax -Wl,--gc-sections -o "LCD.elf"  ./src/LCD.o ./src/helloworld.o ./src/platform.o   -Wl,--start-group,-lxil,-lgcc,-lc,--end-group
'Finished building target: LCD.elf'
' '
'Invoking: MicroBlaze Print Size'
mb-size LCD.elf  |tee "LCD.elf.size"
   text	   data	    bss	    dec	    hex	filename
   4038	    344	   2088	   6470	   1946	LCD.elf
'Finished building: LCD.elf.size'
' '
'Invoking: Xilinx ELF Check'
elfcheck LCD.elf -hw ../../MB_System_hw_platform/system.xml -pe microblaze_0  |tee "LCD.elf.elfcheck"
elfcheck
Xilinx EDK 14.7 Build EDK_P.20131013
Copyright (c) 1995-2012 Xilinx, Inc.  All rights reserved.

Command Line: elfcheck -hw ../../MB_System_hw_platform/system.xml -pe
microblaze_0 LCD.elf 

ELF file	: LCD.elf
elfcheck passed.
'Finished building: LCD.elf.elfcheck'
' '
11:00:28 **** Incremental Build of configuration Debug for project LCD ****
make all 
make: Nothing to be done for `all'.
11:14:15 **** Auto Build of configuration Debug for project LCD ****
make all 
make: Nothing to be done for `all'.
11:16:15 **** Auto Build of configuration Debug for project LCD ****
make all 
make: Nothing to be done for `all'.
11:16:54 **** Auto Build of configuration Debug for project LCD ****
make all 
'Building file: ../src/helloworld.c'
'Invoking: MicroBlaze gcc compiler'
mb-gcc -Wall -O0 -g3 -c -fmessage-length=0 -I../../LCD_bsp/microblaze_0/include -mlittle-endian -mxl-barrel-shift -mxl-pattern-compare -mno-xl-soft-div -mcpu=v8.50.c -mno-xl-soft-mul -Wl,--no-relax -ffunction-sections -fdata-sections -MMD -MP -MF"src/helloworld.d" -MT"src/helloworld.d" -o "src/helloworld.o" "../src/helloworld.c"
../src/helloworld.c: In function 'main':
../src/helloworld.c:49:17: warning: unused variable 'pagepixel' [-Wunused-variable]
'Finished building: ../src/helloworld.c'
' '
'Building target: LCD.elf'
'Invoking: MicroBlaze gcc linker'
mb-gcc -Wl,-T -Wl,../src/lscript.ld -L../../LCD_bsp/microblaze_0/lib -mlittle-endian -mxl-barrel-shift -mxl-pattern-compare -mno-xl-soft-div -mcpu=v8.50.c -mno-xl-soft-mul -Wl,--no-relax -Wl,--gc-sections -o "LCD.elf"  ./src/LCD.o ./src/helloworld.o ./src/platform.o   -Wl,--start-group,-lxil,-lgcc,-lc,--end-group
'Finished building target: LCD.elf'
' '
'Invoking: MicroBlaze Print Size'
mb-size LCD.elf  |tee "LCD.elf.size"
   text	   data	    bss	    dec	    hex	filename
   4038	    344	   2088	   6470	   1946	LCD.elf
'Finished building: LCD.elf.size'
' '
'Invoking: Xilinx ELF Check'
elfcheck LCD.elf -hw ../../MB_System_hw_platform/system.xml -pe microblaze_0  |tee "LCD.elf.elfcheck"
elfcheck
Xilinx EDK 14.7 Build EDK_P.20131013
Copyright (c) 1995-2012 Xilinx, Inc.  All rights reserved.

Command Line: elfcheck -hw ../../MB_System_hw_platform/system.xml -pe
microblaze_0 LCD.elf 

ELF file	: LCD.elf
elfcheck passed.
'Finished building: LCD.elf.elfcheck'
' '
11:22:13 **** Auto Build of configuration Debug for project LCD ****
make all 
'Building file: ../src/helloworld.c'
'Invoking: MicroBlaze gcc compiler'
mb-gcc -Wall -O0 -g3 -c -fmessage-length=0 -I../../LCD_bsp/microblaze_0/include -mlittle-endian -mxl-barrel-shift -mxl-pattern-compare -mno-xl-soft-div -mcpu=v8.50.c -mno-xl-soft-mul -Wl,--no-relax -ffunction-sections -fdata-sections -MMD -MP -MF"src/helloworld.d" -MT"src/helloworld.d" -o "src/helloworld.o" "../src/helloworld.c"
../src/helloworld.c: In function 'main':
../src/helloworld.c:49:17: warning: unused variable 'pagepixel' [-Wunused-variable]
../src/helloworld.c:49:14: warning: unused variable 'j' [-Wunused-variable]
'Finished building: ../src/helloworld.c'
' '
'Building target: LCD.elf'
'Invoking: MicroBlaze gcc linker'
mb-gcc -Wl,-T -Wl,../src/lscript.ld -L../../LCD_bsp/microblaze_0/lib -mlittle-endian -mxl-barrel-shift -mxl-pattern-compare -mno-xl-soft-div -mcpu=v8.50.c -mno-xl-soft-mul -Wl,--no-relax -Wl,--gc-sections -o "LCD.elf"  ./src/LCD.o ./src/helloworld.o ./src/platform.o   -Wl,--start-group,-lxil,-lgcc,-lc,--end-group
'Finished building target: LCD.elf'
' '
'Invoking: MicroBlaze Print Size'
mb-size LCD.elf  |tee "LCD.elf.size"
   text	   data	    bss	    dec	    hex	filename
   4871	    344	   2088	   7303	   1c87	LCD.elf
'Finished building: LCD.elf.size'
' '
'Invoking: Xilinx ELF Check'
elfcheck LCD.elf -hw ../../MB_System_hw_platform/system.xml -pe microblaze_0  |tee "LCD.elf.elfcheck"
elfcheck
Xilinx EDK 14.7 Build EDK_P.20131013
Copyright (c) 1995-2012 Xilinx, Inc.  All rights reserved.

Command Line: elfcheck -hw ../../MB_System_hw_platform/system.xml -pe
microblaze_0 LCD.elf 

ELF file	: LCD.elf
elfcheck passed.
'Finished building: LCD.elf.elfcheck'
' '
11:22:17 **** Incremental Build of configuration Debug for project LCD ****
make all 
make: Nothing to be done for `all'.
11:23:34 **** Auto Build of configuration Debug for project LCD ****
make all 
make: Nothing to be done for `all'.
11:23:36 **** Incremental Build of configuration Debug for project LCD ****
make all 
make: Nothing to be done for `all'.
11:23:45 **** Incremental Build of configuration Debug for project LCD ****
make all 
make: Nothing to be done for `all'.
11:23:54 **** Incremental Build of configuration Debug for project LCD ****
make all 
make: Nothing to be done for `all'.
11:23:58 **** Incremental Build of configuration Debug for project LCD ****
make all 
make: Nothing to be done for `all'.
11:24:26 **** Clean-only build of configuration Debug for project LCD ****
make clean 
rm -rf  ./src/LCD.o ./src/helloworld.o ./src/platform.o  ./src/LCD.d ./src/helloworld.d ./src/platform.d  LCD.elf.size  LCD.elf.elfcheck  LCD.elf
' '
11:24:26 **** Auto Build of configuration Debug for project LCD ****
make all 
'Building file: ../src/LCD.c'
'Invoking: MicroBlaze gcc compiler'
mb-gcc -Wall -O0 -g3 -c -fmessage-length=0 -I../../LCD_bsp/microblaze_0/include -mlittle-endian -mxl-barrel-shift -mxl-pattern-compare -mno-xl-soft-div -mcpu=v8.50.c -mno-xl-soft-mul -Wl,--no-relax -ffunction-sections -fdata-sections -MMD -MP -MF"src/LCD.d" -MT"src/LCD.d" -o "src/LCD.o" "../src/LCD.c"
'Finished building: ../src/LCD.c'
' '
'Building file: ../src/helloworld.c'
'Invoking: MicroBlaze gcc compiler'
mb-gcc -Wall -O0 -g3 -c -fmessage-length=0 -I../../LCD_bsp/microblaze_0/include -mlittle-endian -mxl-barrel-shift -mxl-pattern-compare -mno-xl-soft-div -mcpu=v8.50.c -mno-xl-soft-mul -Wl,--no-relax -ffunction-sections -fdata-sections -MMD -MP -MF"src/helloworld.d" -MT"src/helloworld.d" -o "src/helloworld.o" "../src/helloworld.c"
../src/helloworld.c:36:19: fatal error: snake.h: No such file or directory
compilation terminated.
make: *** [src/helloworld.o] Error 1
11:24:34 **** Auto Build of configuration Debug for project LCD ****
make all 
'Building file: ../src/helloworld.c'
'Invoking: MicroBlaze gcc compiler'
mb-gcc -Wall -O0 -g3 -c -fmessage-length=0 -I../../LCD_bsp/microblaze_0/include -mlittle-endian -mxl-barrel-shift -mxl-pattern-compare -mno-xl-soft-div -mcpu=v8.50.c -mno-xl-soft-mul -Wl,--no-relax -ffunction-sections -fdata-sections -MMD -MP -MF"src/helloworld.d" -MT"src/helloworld.d" -o "src/helloworld.o" "../src/helloworld.c"
../src/helloworld.c: In function 'main':
../src/helloworld.c:49:17: warning: unused variable 'pagepixel' [-Wunused-variable]
../src/helloworld.c:49:14: warning: unused variable 'j' [-Wunused-variable]
'Finished building: ../src/helloworld.c'
' '
'Building file: ../src/platform.c'
'Invoking: MicroBlaze gcc compiler'
mb-gcc -Wall -O0 -g3 -c -fmessage-length=0 -I../../LCD_bsp/microblaze_0/include -mlittle-endian -mxl-barrel-shift -mxl-pattern-compare -mno-xl-soft-div -mcpu=v8.50.c -mno-xl-soft-mul -Wl,--no-relax -ffunction-sections -fdata-sections -MMD -MP -MF"src/platform.d" -MT"src/platform.d" -o "src/platform.o" "../src/platform.c"
'Finished building: ../src/platform.c'
' '
'Building target: LCD.elf'
'Invoking: MicroBlaze gcc linker'
mb-gcc -Wl,-T -Wl,../src/lscript.ld -L../../LCD_bsp/microblaze_0/lib -mlittle-endian -mxl-barrel-shift -mxl-pattern-compare -mno-xl-soft-div -mcpu=v8.50.c -mno-xl-soft-mul -Wl,--no-relax -Wl,--gc-sections -o "LCD.elf"  ./src/LCD.o ./src/helloworld.o ./src/platform.o   -Wl,--start-group,-lxil,-lgcc,-lc,--end-group
'Finished building target: LCD.elf'
' '
'Invoking: MicroBlaze Print Size'
mb-size LCD.elf  |tee "LCD.elf.size"
   text	   data	    bss	    dec	    hex	filename
   4871	    344	   2088	   7303	   1c87	LCD.elf
'Finished building: LCD.elf.size'
' '
'Invoking: Xilinx ELF Check'
elfcheck LCD.elf -hw ../../MB_System_hw_platform/system.xml -pe microblaze_0  |tee "LCD.elf.elfcheck"
elfcheck
Xilinx EDK 14.7 Build EDK_P.20131013
Copyright (c) 1995-2012 Xilinx, Inc.  All rights reserved.

Command Line: elfcheck -hw ../../MB_System_hw_platform/system.xml -pe
microblaze_0 LCD.elf 

ELF file	: LCD.elf
elfcheck passed.
'Finished building: LCD.elf.elfcheck'
' '
11:24:45 **** Incremental Build of configuration Debug for project LCD ****
make all 
make: Nothing to be done for `all'.
11:26:57 **** Incremental Build of configuration Debug for project LCD ****
make all 
make: Nothing to be done for `all'.
11:34:03 **** Auto Build of configuration Debug for project LCD ****
make all 
make: Nothing to be done for `all'.
11:34:08 **** Auto Build of configuration Debug for project LCD ****
make all 
'Building file: ../src/helloworld.c'
'Invoking: MicroBlaze gcc compiler'
mb-gcc -Wall -O0 -g3 -c -fmessage-length=0 -I../../LCD_bsp/microblaze_0/include -mlittle-endian -mxl-barrel-shift -mxl-pattern-compare -mno-xl-soft-div -mcpu=v8.50.c -mno-xl-soft-mul -Wl,--no-relax -ffunction-sections -fdata-sections -MMD -MP -MF"src/helloworld.d" -MT"src/helloworld.d" -o "src/helloworld.o" "../src/helloworld.c"
../src/helloworld.c: In function 'main':
../src/helloworld.c:65:20: error: 'snake' undeclared (first use in this function)
../src/helloworld.c:65:20: note: each undeclared identifier is reported only once for each function it appears in
../src/helloworld.c:49:17: warning: unused variable 'pagepixel' [-Wunused-variable]
../src/helloworld.c:49:14: warning: unused variable 'j' [-Wunused-variable]
make: *** [src/helloworld.o] Error 1
11:34:25 **** Clean-only build of configuration Debug for project LCD ****
make clean 
rm -rf  ./src/LCD.o ./src/helloworld.o ./src/platform.o  ./src/LCD.d ./src/helloworld.d ./src/platform.d  LCD.elf.size  LCD.elf.elfcheck  LCD.elf
' '
11:34:25 **** Auto Build of configuration Debug for project LCD ****
make all 
'Building file: ../src/LCD.c'
'Invoking: MicroBlaze gcc compiler'
mb-gcc -Wall -O0 -g3 -c -fmessage-length=0 -I../../LCD_bsp/microblaze_0/include -mlittle-endian -mxl-barrel-shift -mxl-pattern-compare -mno-xl-soft-div -mcpu=v8.50.c -mno-xl-soft-mul -Wl,--no-relax -ffunction-sections -fdata-sections -MMD -MP -MF"src/LCD.d" -MT"src/LCD.d" -o "src/LCD.o" "../src/LCD.c"
'Finished building: ../src/LCD.c'
' '
'Building file: ../src/helloworld.c'
'Invoking: MicroBlaze gcc compiler'
mb-gcc -Wall -O0 -g3 -c -fmessage-length=0 -I../../LCD_bsp/microblaze_0/include -mlittle-endian -mxl-barrel-shift -mxl-pattern-compare -mno-xl-soft-div -mcpu=v8.50.c -mno-xl-soft-mul -Wl,--no-relax -ffunction-sections -fdata-sections -MMD -MP -MF"src/helloworld.d" -MT"src/helloworld.d" -o "src/helloworld.o" "../src/helloworld.c"
../src/helloworld.c: In function 'main':
../src/helloworld.c:65:20: error: 'snake' undeclared (first use in this function)
../src/helloworld.c:65:20: note: each undeclared identifier is reported only once for each function it appears in
../src/helloworld.c:49:17: warning: unused variable 'pagepixel' [-Wunused-variable]
../src/helloworld.c:49:14: warning: unused variable 'j' [-Wunused-variable]
make: *** [src/helloworld.o] Error 1
11:34:34 **** Auto Build of configuration Debug for project LCD ****
make all 
'Building file: ../src/helloworld.c'
'Invoking: MicroBlaze gcc compiler'
mb-gcc -Wall -O0 -g3 -c -fmessage-length=0 -I../../LCD_bsp/microblaze_0/include -mlittle-endian -mxl-barrel-shift -mxl-pattern-compare -mno-xl-soft-div -mcpu=v8.50.c -mno-xl-soft-mul -Wl,--no-relax -ffunction-sections -fdata-sections -MMD -MP -MF"src/helloworld.d" -MT"src/helloworld.d" -o "src/helloworld.o" "../src/helloworld.c"
../src/helloworld.c: In function 'main':
../src/helloworld.c:65:20: error: 'snake' undeclared (first use in this function)
../src/helloworld.c:65:20: note: each undeclared identifier is reported only once for each function it appears in
../src/helloworld.c:49:17: warning: unused variable 'pagepixel' [-Wunused-variable]
../src/helloworld.c:49:14: warning: unused variable 'j' [-Wunused-variable]
make: *** [src/helloworld.o] Error 1
11:34:46 **** Auto Build of configuration Debug for project LCD ****
make all 
'Building file: ../src/helloworld.c'
'Invoking: MicroBlaze gcc compiler'
mb-gcc -Wall -O0 -g3 -c -fmessage-length=0 -I../../LCD_bsp/microblaze_0/include -mlittle-endian -mxl-barrel-shift -mxl-pattern-compare -mno-xl-soft-div -mcpu=v8.50.c -mno-xl-soft-mul -Wl,--no-relax -ffunction-sections -fdata-sections -MMD -MP -MF"src/helloworld.d" -MT"src/helloworld.d" -o "src/helloworld.o" "../src/helloworld.c"
../src/helloworld.c: In function 'main':
../src/helloworld.c:65:20: error: 'snake2' undeclared (first use in this function)
../src/helloworld.c:65:20: note: each undeclared identifier is reported only once for each function it appears in
../src/helloworld.c:49:17: warning: unused variable 'pagepixel' [-Wunused-variable]
../src/helloworld.c:49:14: warning: unused variable 'j' [-Wunused-variable]
make: *** [src/helloworld.o] Error 1
11:34:58 **** Auto Build of configuration Debug for project LCD ****
make all 
'Building file: ../src/helloworld.c'
'Invoking: MicroBlaze gcc compiler'
mb-gcc -Wall -O0 -g3 -c -fmessage-length=0 -I../../LCD_bsp/microblaze_0/include -mlittle-endian -mxl-barrel-shift -mxl-pattern-compare -mno-xl-soft-div -mcpu=v8.50.c -mno-xl-soft-mul -Wl,--no-relax -ffunction-sections -fdata-sections -MMD -MP -MF"src/helloworld.d" -MT"src/helloworld.d" -o "src/helloworld.o" "../src/helloworld.c"
../src/helloworld.c: In function 'main':
../src/helloworld.c:49:17: warning: unused variable 'pagepixel' [-Wunused-variable]
../src/helloworld.c:49:14: warning: unused variable 'j' [-Wunused-variable]
'Finished building: ../src/helloworld.c'
' '
'Building file: ../src/platform.c'
'Invoking: MicroBlaze gcc compiler'
mb-gcc -Wall -O0 -g3 -c -fmessage-length=0 -I../../LCD_bsp/microblaze_0/include -mlittle-endian -mxl-barrel-shift -mxl-pattern-compare -mno-xl-soft-div -mcpu=v8.50.c -mno-xl-soft-mul -Wl,--no-relax -ffunction-sections -fdata-sections -MMD -MP -MF"src/platform.d" -MT"src/platform.d" -o "src/platform.o" "../src/platform.c"
'Finished building: ../src/platform.c'
' '
'Building target: LCD.elf'
'Invoking: MicroBlaze gcc linker'
mb-gcc -Wl,-T -Wl,../src/lscript.ld -L../../LCD_bsp/microblaze_0/lib -mlittle-endian -mxl-barrel-shift -mxl-pattern-compare -mno-xl-soft-div -mcpu=v8.50.c -mno-xl-soft-mul -Wl,--no-relax -Wl,--gc-sections -o "LCD.elf"  ./src/LCD.o ./src/helloworld.o ./src/platform.o   -Wl,--start-group,-lxil,-lgcc,-lc,--end-group
'Finished building target: LCD.elf'
' '
'Invoking: MicroBlaze Print Size'
mb-size LCD.elf  |tee "LCD.elf.size"
   text	   data	    bss	    dec	    hex	filename
   4871	    344	   2088	   7303	   1c87	LCD.elf
'Finished building: LCD.elf.size'
' '
'Invoking: Xilinx ELF Check'
elfcheck LCD.elf -hw ../../MB_System_hw_platform/system.xml -pe microblaze_0  |tee "LCD.elf.elfcheck"
elfcheck
Xilinx EDK 14.7 Build EDK_P.20131013
Copyright (c) 1995-2012 Xilinx, Inc.  All rights reserved.

Command Line: elfcheck -hw ../../MB_System_hw_platform/system.xml -pe
microblaze_0 LCD.elf 

ELF file	: LCD.elf
elfcheck passed.
'Finished building: LCD.elf.elfcheck'
' '
11:35:02 **** Incremental Build of configuration Debug for project LCD ****
make all 
make: Nothing to be done for `all'.
11:35:53 **** Auto Build of configuration Debug for project LCD ****
make all 
'Building file: ../src/helloworld.c'
'Invoking: MicroBlaze gcc compiler'
mb-gcc -Wall -O0 -g3 -c -fmessage-length=0 -I../../LCD_bsp/microblaze_0/include -mlittle-endian -mxl-barrel-shift -mxl-pattern-compare -mno-xl-soft-div -mcpu=v8.50.c -mno-xl-soft-mul -Wl,--no-relax -ffunction-sections -fdata-sections -MMD -MP -MF"src/helloworld.d" -MT"src/helloworld.d" -o "src/helloworld.o" "../src/helloworld.c"
../src/helloworld.c: In function 'main':
../src/helloworld.c:49:17: warning: unused variable 'pagepixel' [-Wunused-variable]
../src/helloworld.c:49:14: warning: unused variable 'j' [-Wunused-variable]
'Finished building: ../src/helloworld.c'
' '
'Building target: LCD.elf'
'Invoking: MicroBlaze gcc linker'
mb-gcc -Wl,-T -Wl,../src/lscript.ld -L../../LCD_bsp/microblaze_0/lib -mlittle-endian -mxl-barrel-shift -mxl-pattern-compare -mno-xl-soft-div -mcpu=v8.50.c -mno-xl-soft-mul -Wl,--no-relax -Wl,--gc-sections -o "LCD.elf"  ./src/LCD.o ./src/helloworld.o ./src/platform.o   -Wl,--start-group,-lxil,-lgcc,-lc,--end-group
'Finished building target: LCD.elf'
' '
'Invoking: MicroBlaze Print Size'
mb-size LCD.elf  |tee "LCD.elf.size"
   text	   data	    bss	    dec	    hex	filename
   4871	    344	   2088	   7303	   1c87	LCD.elf
'Finished building: LCD.elf.size'
' '
'Invoking: Xilinx ELF Check'
elfcheck LCD.elf -hw ../../MB_System_hw_platform/system.xml -pe microblaze_0  |tee "LCD.elf.elfcheck"
elfcheck
Xilinx EDK 14.7 Build EDK_P.20131013
Copyright (c) 1995-2012 Xilinx, Inc.  All rights reserved.

Command Line: elfcheck -hw ../../MB_System_hw_platform/system.xml -pe
microblaze_0 LCD.elf 

ELF file	: LCD.elf
elfcheck passed.
'Finished building: LCD.elf.elfcheck'
' '
