11:35:53 **** Auto Build of configuration Debug for project LCD ****
make all 
'Building file: ../src/helloworld.c'
'Invoking: MicroBlaze gcc compiler'
mb-gcc -Wall -O0 -g3 -c -fmessage-length=0 -I../../LCD_bsp/microblaze_0/include -mlittle-endian -mxl-barrel-shift -mxl-pattern-compare -mno-xl-soft-div -mcpu=v8.50.c -mno-xl-soft-mul -Wl,--no-relax -ffunction-sections -fdata-sections -MMD -MP -MF"src/helloworld.d" -MT"src/helloworld.d" -o "src/helloworld.o" "../src/helloworld.c"
../src/helloworld.c: In function 'main':
../src/helloworld.c:49:17: warning: unused variable 'pagepixel' [-Wunused-variable]
../src/helloworld.c:49:14: warning: unused variable 'j' [-Wunused-variable]
'Finished building: ../src/helloworld.c'
' '
'Building target: LCD.elf'
'Invoking: MicroBlaze gcc linker'
mb-gcc -Wl,-T -Wl,../src/lscript.ld -L../../LCD_bsp/microblaze_0/lib -mlittle-endian -mxl-barrel-shift -mxl-pattern-compare -mno-xl-soft-div -mcpu=v8.50.c -mno-xl-soft-mul -Wl,--no-relax -Wl,--gc-sections -o "LCD.elf"  ./src/LCD.o ./src/helloworld.o ./src/platform.o   -Wl,--start-group,-lxil,-lgcc,-lc,--end-group
'Finished building target: LCD.elf'
' '
'Invoking: MicroBlaze Print Size'
mb-size LCD.elf  |tee "LCD.elf.size"
   text	   data	    bss	    dec	    hex	filename
   4871	    344	   2088	   7303	   1c87	LCD.elf
'Finished building: LCD.elf.size'
' '
'Invoking: Xilinx ELF Check'
elfcheck LCD.elf -hw ../../MB_System_hw_platform/system.xml -pe microblaze_0  |tee "LCD.elf.elfcheck"
elfcheck
Xilinx EDK 14.7 Build EDK_P.20131013
Copyright (c) 1995-2012 Xilinx, Inc.  All rights reserved.

Command Line: elfcheck -hw ../../MB_System_hw_platform/system.xml -pe
microblaze_0 LCD.elf 

ELF file	: LCD.elf
elfcheck passed.
'Finished building: LCD.elf.elfcheck'
' '

11:35:54 Build Finished (took 1s.328ms)

