F:\curr_ISE_proj\mikrorendszerek\SP6BoardLinuxAXI_14_7\SP6BoardLinuxAXI\implementation\system.ngc 1509111270
F:/curr_ISE_proj/mikrorendszerek/SP6BoardLinuxAXI_14_7/SP6BoardLinuxAXI/implementation/system_buttons_wrapper.ngc 1509111170
F:/curr_ISE_proj/mikrorendszerek/SP6BoardLinuxAXI_14_7/SP6BoardLinuxAXI/implementation/system_rs232_wrapper.ngc 1509111170
F:/curr_ISE_proj/mikrorendszerek/SP6BoardLinuxAXI_14_7/SP6BoardLinuxAXI/implementation/system_proc_sys_reset_0_wrapper.ngc 1509111170
F:/curr_ISE_proj/mikrorendszerek/SP6BoardLinuxAXI_14_7/SP6BoardLinuxAXI/implementation/system_clock_generator_0_wrapper.ngc 1509111230
F:/curr_ISE_proj/mikrorendszerek/SP6BoardLinuxAXI_14_7/SP6BoardLinuxAXI/implementation/system_microblaze_0_ilmb_wrapper.ngc 1509111170
F:/curr_ISE_proj/mikrorendszerek/SP6BoardLinuxAXI_14_7/SP6BoardLinuxAXI/implementation/system_microblaze_0_dlmb_wrapper.ngc 1509111170
F:/curr_ISE_proj/mikrorendszerek/SP6BoardLinuxAXI_14_7/SP6BoardLinuxAXI/implementation/system_axi4lite_0_wrapper.ngc 1509111170
F:/curr_ISE_proj/mikrorendszerek/SP6BoardLinuxAXI_14_7/SP6BoardLinuxAXI/implementation/system_axi4_0_wrapper.ngc 1509111170
F:/curr_ISE_proj/mikrorendszerek/SP6BoardLinuxAXI_14_7/SP6BoardLinuxAXI/implementation/system_microblaze_0_wrapper.ngc 1509111170
F:/curr_ISE_proj/mikrorendszerek/SP6BoardLinuxAXI_14_7/SP6BoardLinuxAXI/implementation/system_sdram_wrapper.ngc 1509111206
F:/curr_ISE_proj/mikrorendszerek/SP6BoardLinuxAXI_14_7/SP6BoardLinuxAXI/implementation/system_microblaze_0_intc_wrapper.ngc 1509111170
F:/curr_ISE_proj/mikrorendszerek/SP6BoardLinuxAXI_14_7/SP6BoardLinuxAXI/implementation/system_microblaze_0_i_bram_ctrl_wrapper.ngc 1509111170
F:/curr_ISE_proj/mikrorendszerek/SP6BoardLinuxAXI_14_7/SP6BoardLinuxAXI/implementation/system_microblaze_0_d_bram_ctrl_wrapper.ngc 1509111170
F:/curr_ISE_proj/mikrorendszerek/SP6BoardLinuxAXI_14_7/SP6BoardLinuxAXI/implementation/system_debug_module_wrapper.ngc 1509111170
F:/curr_ISE_proj/mikrorendszerek/SP6BoardLinuxAXI_14_7/SP6BoardLinuxAXI/implementation/system_axi_timer_0_wrapper.ngc 1509111170
F:/curr_ISE_proj/mikrorendszerek/SP6BoardLinuxAXI_14_7/SP6BoardLinuxAXI/implementation/system_lcd_screen_0_wrapper.ngc 1509111222
F:/curr_ISE_proj/mikrorendszerek/SP6BoardLinuxAXI_14_7/SP6BoardLinuxAXI/implementation/system_microblaze_0_bram_block_wrapper.ngc 1509111170
OK
