F:\curr_ISE_proj\mikrorendszerek\MB_System_full\MB_System\implementation\system.ngc 1509879510
F:/curr_ISE_proj/mikrorendszerek/MB_System_full/MB_System/implementation/system_button_wrapper.ngc 1509879432
F:/curr_ISE_proj/mikrorendszerek/MB_System_full/MB_System/implementation/system_rs232_wrapper.ngc 1509879432
F:/curr_ISE_proj/mikrorendszerek/MB_System_full/MB_System/implementation/system_proc_sys_reset_0_wrapper.ngc 1509879432
F:/curr_ISE_proj/mikrorendszerek/MB_System_full/MB_System/implementation/system_clock_generator_0_wrapper.ngc 1509879480
F:/curr_ISE_proj/mikrorendszerek/MB_System_full/MB_System/implementation/system_cpld_if_0_wrapper.ngc 1509879462
F:/curr_ISE_proj/mikrorendszerek/MB_System_full/MB_System/implementation/system_microblaze_0_ilmb_wrapper.ngc 1509879432
F:/curr_ISE_proj/mikrorendszerek/MB_System_full/MB_System/implementation/system_microblaze_0_dlmb_wrapper.ngc 1509879432
F:/curr_ISE_proj/mikrorendszerek/MB_System_full/MB_System/implementation/system_axi4lite_0_wrapper.ngc 1509879432
F:/curr_ISE_proj/mikrorendszerek/MB_System_full/MB_System/implementation/system_microblaze_0_wrapper.ngc 1509879432
F:/curr_ISE_proj/mikrorendszerek/MB_System_full/MB_System/implementation/system_microblaze_0_intc_wrapper.ngc 1509879432
F:/curr_ISE_proj/mikrorendszerek/MB_System_full/MB_System/implementation/system_microblaze_0_i_bram_ctrl_wrapper.ngc 1509879432
F:/curr_ISE_proj/mikrorendszerek/MB_System_full/MB_System/implementation/system_microblaze_0_d_bram_ctrl_wrapper.ngc 1509879432
F:/curr_ISE_proj/mikrorendszerek/MB_System_full/MB_System/implementation/system_debug_module_wrapper.ngc 1509879432
F:/curr_ISE_proj/mikrorendszerek/MB_System_full/MB_System/implementation/system_lcd_screen_0_wrapper.ngc 1509879448
F:/curr_ISE_proj/mikrorendszerek/MB_System_full/MB_System/implementation/system_axi_timer_0_wrapper.ngc 1509879432
F:/curr_ISE_proj/mikrorendszerek/MB_System_full/MB_System/implementation/system_microblaze_0_bram_block_wrapper.ngc 1509879432
OK
